<?xml version="1.0" encoding="utf-8"?><testsuite errors="0" failures="0" name="pytest" skips="0" tests="1" time="14.771"><testcase classname="tests.test_shanghai.TestHomepage" name="test_homepage_navigation" time="5.72100019455"/></testsuite>